{"type":"server-started","port":59149,"host":"127.0.0.1","url_host":"localhost","url":"http://localhost:59149","screen_dir":"/Users/aleksandr/WebstormProjects/knurl/.superpowers/brainstorm/30442-1778782027/content","state_dir":"/Users/aleksandr/WebstormProjects/knurl/.superpowers/brainstorm/30442-1778782027/state"}
{"type":"screen-added","file":"/Users/aleksandr/WebstormProjects/knurl/.superpowers/brainstorm/30442-1778782027/content/components-list.html"}
{"source":"user-event","type":"click","text":"A\n    \n      Button\n      Primary, secondary, ghost, destructive — разные варианты кнопок","choice":"button","id":null,"timestamp":1778782106532}
{"source":"user-event","type":"click","text":"A\n    \n      Button\n      Primary, secondary, ghost, destructive — разные варианты кнопок","choice":"button","id":null,"timestamp":1778782107556}
{"source":"user-event","type":"click","text":"A\n    \n      Button\n      Primary, secondary, ghost, destructive — разные варианты кнопок","choice":"button","id":null,"timestamp":1778782108089}
{"source":"user-event","type":"click","text":"B\n    \n      Text Field\n      Поля ввода с лейблом, ошибкой, иконками, вариантами состояний","choice":"text-field","id":null,"timestamp":1778782110447}
{"source":"user-event","type":"click","text":"C\n    \n      Chip\n      Теги, фильтры, выбор категорий","choice":"chip","id":null,"timestamp":1778782112047}
{"source":"user-event","type":"click","text":"D\n    \n      Badge\n      Счётчик уведомлений, статусный индикатор на иконке","choice":"badge","id":null,"timestamp":1778782113431}
{"source":"user-event","type":"click","text":"E\n    \n      Spinner / Loader\n      Индикатор загрузки — inline и полноэкранный","choice":"spinner","id":null,"timestamp":1778782114697}
{"source":"user-event","type":"click","text":"F\n    \n      Avatar\n      Фото пользователя или инициалы-заглушка, разные размеры","choice":"avatar","id":null,"timestamp":1778782115952}
{"source":"user-event","type":"click","text":"H\n    \n      Status Tag\n      Цветной тег статуса: active, rest, warning и т.д.","choice":"tag","id":null,"timestamp":1778782121002}
{"type":"screen-added","file":"/Users/aleksandr/WebstormProjects/knurl/.superpowers/brainstorm/30442-1778782027/content/style-direction.html"}
{"source":"user-event","type":"click","text":"НАЧАТЬ\n      \n      \n        ГРУДЬ\n        СПИНА\n      \n      \n      \n        EMAIL\n        user@example.com\n      \n      \n      \n        АФ\n        3\n      \n    \n    \n      Athletic / Dark\n      Тёмный фон, кислотный акцент, прямые углы и жирный шрифт. Подходит для фитнес-приложений с энергичным характером.","choice":"athletic","id":null,"timestamp":1778782202068}
{"type":"screen-added","file":"/Users/aleksandr/WebstormProjects/knurl/.superpowers/brainstorm/30442-1778782027/content/accent-color.html"}
{"source":"user-event","type":"click","text":"НАЧАТЬ\n      \n        ГРУДЬ\n        СПИНА\n      \n      user@example.com\n      ● ACTIVE\n    \n    \n      Orange #FF6B35\n      Насыщенный оранжевый — тепло, сила, агрессивная энергия","choice":"orange","id":null,"timestamp":1778782250431}
{"type":"screen-added","file":"/Users/aleksandr/WebstormProjects/knurl/.superpowers/brainstorm/30442-1778782027/content/waiting.html"}
{"type":"screen-added","file":"/Users/aleksandr/WebstormProjects/knurl/.superpowers/brainstorm/30442-1778782027/content/design-components.html"}
{"type":"screen-added","file":"/Users/aleksandr/WebstormProjects/knurl/.superpowers/brainstorm/30442-1778782027/content/button-secondary-v2.html"}
{"source":"user-event","type":"click","text":"C\n    \n      Surface (нейтральный)\n      \n        \n          Начать\n          Сохранить\n        \n      \n      Тёмный нейтральный фон — явная иерархия, secondary явно слабее","choice":"surface","id":null,"timestamp":1778782518821}
{"source":"user-event","type":"click","text":"B\n    \n      Tonal (приглушённый фон)\n      \n        \n          Начать\n          Сохранить\n        \n      \n      Полупрозрачный акцентный фон — мягче, меньше конкурирует с primary","choice":"tonal","id":null,"timestamp":1778782526950}
{"source":"user-event","type":"click","text":"C\n    \n      Surface (нейтральный)\n      \n        \n          Начать\n          Сохранить\n        \n      \n      Тёмный нейтральный фон — явная иерархия, secondary явно слабее","choice":"surface","id":null,"timestamp":1778782527683}
{"type":"screen-added","file":"/Users/aleksandr/WebstormProjects/knurl/.superpowers/brainstorm/30442-1778782027/content/button-secondary-v3.html"}
{"source":"user-event","type":"click","text":"✓\n    \n      Отлично, принять\n      Тёмный нейтральный фон + оранжевый текст — идёт в финальный дизайн","choice":"yes","id":null,"timestamp":1778782568783}
{"type":"screen-added","file":"/Users/aleksandr/WebstormProjects/knurl/.superpowers/brainstorm/30442-1778782027/content/design-final.html"}
{"type":"screen-added","file":"/Users/aleksandr/WebstormProjects/knurl/.superpowers/brainstorm/30442-1778782027/content/textfield-states.html"}
{"type":"screen-added","file":"/Users/aleksandr/WebstormProjects/knurl/.superpowers/brainstorm/30442-1778782027/content/waiting-2.html"}
{"type":"server-stopped","reason":"idle timeout"}
